[2026-05-01T18:56:36.213+0000] {manager.py:488} INFO - Processing files using up to 2 processes at a time 
[2026-05-01T18:56:36.213+0000] {manager.py:489} INFO - Process each file at most once every 30 seconds
[2026-05-01T18:56:36.214+0000] {manager.py:490} INFO - Checking for new files in /opt/airflow/dags every 300 seconds
[2026-05-01T18:56:36.214+0000] {manager.py:760} INFO - Searching for files in /opt/airflow/dags
[2026-05-01T18:56:36.216+0000] {manager.py:763} INFO - There are 1 files in /opt/airflow/dags
[2026-05-01T18:56:36.396+0000] {manager.py:888} INFO - 
================================================================================
DAG File Processing Stats

File Path                        PID  Runtime      # DAGs    # Errors  Last Runtime    Last Run
-----------------------------  -----  ---------  --------  ----------  --------------  ----------
/opt/airflow/dags/main_dag.py    172  0.08s             0           0
================================================================================
[2026-05-01T18:57:06.669+0000] {manager.py:888} INFO - 
================================================================================
DAG File Processing Stats

File Path                      PID    Runtime      # DAGs    # Errors  Last Runtime    Last Run
-----------------------------  -----  ---------  --------  ----------  --------------  -------------------
/opt/airflow/dags/main_dag.py                           0           1  1.03s           2026-05-01T18:56:37
================================================================================
[2026-05-01T18:57:36.965+0000] {manager.py:888} INFO - 
================================================================================
DAG File Processing Stats

File Path                      PID    Runtime      # DAGs    # Errors  Last Runtime    Last Run
-----------------------------  -----  ---------  --------  ----------  --------------  -------------------
/opt/airflow/dags/main_dag.py                           0           1  1.00s           2026-05-01T18:57:08
================================================================================
[2026-05-01T18:58:07.251+0000] {manager.py:888} INFO - 
================================================================================
DAG File Processing Stats

File Path                      PID    Runtime      # DAGs    # Errors  Last Runtime    Last Run
-----------------------------  -----  ---------  --------  ----------  --------------  -------------------
/opt/airflow/dags/main_dag.py                           0           1  1.19s           2026-05-01T18:57:40
================================================================================
[2026-05-01T18:58:37.327+0000] {manager.py:888} INFO - 
================================================================================
DAG File Processing Stats

File Path                      PID    Runtime      # DAGs    # Errors  Last Runtime    Last Run
-----------------------------  -----  ---------  --------  ----------  --------------  -------------------
/opt/airflow/dags/main_dag.py                           0           1  0.77s           2026-05-01T18:58:11
================================================================================
[2026-05-01T18:59:07.340+0000] {manager.py:888} INFO - 
================================================================================
DAG File Processing Stats

File Path                      PID    Runtime      # DAGs    # Errors  Last Runtime    Last Run
-----------------------------  -----  ---------  --------  ----------  --------------  -------------------
/opt/airflow/dags/main_dag.py                           0           1  0.74s           2026-05-01T18:58:42
================================================================================
[2026-05-01T18:59:37.420+0000] {manager.py:888} INFO - 
================================================================================
DAG File Processing Stats

File Path                      PID    Runtime      # DAGs    # Errors  Last Runtime    Last Run
-----------------------------  -----  ---------  --------  ----------  --------------  -------------------
/opt/airflow/dags/main_dag.py                           1           0  0.73s           2026-05-01T18:59:18
================================================================================
[2026-05-01T19:00:07.695+0000] {manager.py:888} INFO - 
================================================================================
DAG File Processing Stats

File Path                      PID    Runtime      # DAGs    # Errors  Last Runtime    Last Run
-----------------------------  -----  ---------  --------  ----------  --------------  -------------------
/opt/airflow/dags/main_dag.py                           1           0  0.50s           2026-05-01T18:59:49
================================================================================
[2026-05-01T19:00:38.223+0000] {manager.py:888} INFO - 
================================================================================
DAG File Processing Stats

File Path                      PID    Runtime      # DAGs    # Errors  Last Runtime    Last Run
-----------------------------  -----  ---------  --------  ----------  --------------  -------------------
/opt/airflow/dags/main_dag.py                           1           0  0.55s           2026-05-01T19:00:20
================================================================================
[2026-05-01T19:01:08.362+0000] {manager.py:888} INFO - 
================================================================================
DAG File Processing Stats

File Path                      PID    Runtime      # DAGs    # Errors  Last Runtime    Last Run
-----------------------------  -----  ---------  --------  ----------  --------------  -------------------
/opt/airflow/dags/main_dag.py                           1           0  0.52s           2026-05-01T19:00:51
================================================================================
[2026-05-01T19:01:36.326+0000] {manager.py:760} INFO - Searching for files in /opt/airflow/dags
[2026-05-01T19:01:36.341+0000] {manager.py:763} INFO - There are 1 files in /opt/airflow/dags
[2026-05-01T19:01:38.383+0000] {manager.py:888} INFO - 
================================================================================
DAG File Processing Stats

File Path                      PID    Runtime      # DAGs    # Errors  Last Runtime    Last Run
-----------------------------  -----  ---------  --------  ----------  --------------  -------------------
/opt/airflow/dags/main_dag.py                           1           0  0.34s           2026-05-01T19:01:12
================================================================================
[2026-05-01T19:02:08.780+0000] {manager.py:888} INFO - 
================================================================================
DAG File Processing Stats

File Path                      PID    Runtime      # DAGs    # Errors  Last Runtime    Last Run
-----------------------------  -----  ---------  --------  ----------  --------------  -------------------
/opt/airflow/dags/main_dag.py                           1           0  0.70s           2026-05-01T19:01:43
================================================================================
[2026-05-01T19:02:39.136+0000] {manager.py:888} INFO - 
================================================================================
DAG File Processing Stats

File Path                      PID    Runtime      # DAGs    # Errors  Last Runtime    Last Run
-----------------------------  -----  ---------  --------  ----------  --------------  -------------------
/opt/airflow/dags/main_dag.py                           1           0  0.71s           2026-05-01T19:02:14
================================================================================
[2026-05-01T19:03:09.494+0000] {manager.py:888} INFO - 
================================================================================
DAG File Processing Stats

File Path                      PID    Runtime      # DAGs    # Errors  Last Runtime    Last Run
-----------------------------  -----  ---------  --------  ----------  --------------  -------------------
/opt/airflow/dags/main_dag.py                           1           0  1.00s           2026-05-01T19:02:45
================================================================================
[2026-05-01T19:03:39.819+0000] {manager.py:888} INFO - 
================================================================================
DAG File Processing Stats

File Path                      PID    Runtime      # DAGs    # Errors  Last Runtime    Last Run
-----------------------------  -----  ---------  --------  ----------  --------------  -------------------
/opt/airflow/dags/main_dag.py                           1           0  0.68s           2026-05-01T19:03:16
================================================================================
[2026-05-01T19:04:10.117+0000] {manager.py:888} INFO - 
================================================================================
DAG File Processing Stats

File Path                      PID    Runtime      # DAGs    # Errors  Last Runtime    Last Run
-----------------------------  -----  ---------  --------  ----------  --------------  -------------------
/opt/airflow/dags/main_dag.py                           1           0  0.60s           2026-05-01T19:03:47
================================================================================
[2026-05-01T19:04:40.567+0000] {manager.py:888} INFO - 
================================================================================
DAG File Processing Stats

File Path                      PID    Runtime      # DAGs    # Errors  Last Runtime    Last Run
-----------------------------  -----  ---------  --------  ----------  --------------  -------------------
/opt/airflow/dags/main_dag.py                           1           0  0.65s           2026-05-01T19:04:17
================================================================================
[2026-05-01T19:05:10.857+0000] {manager.py:888} INFO - 
================================================================================
DAG File Processing Stats

File Path                      PID    Runtime      # DAGs    # Errors  Last Runtime    Last Run
-----------------------------  -----  ---------  --------  ----------  --------------  -------------------
/opt/airflow/dags/main_dag.py                           1           0  0.65s           2026-05-01T19:04:48
================================================================================
[2026-05-01T19:05:41.314+0000] {manager.py:888} INFO - 
================================================================================
DAG File Processing Stats

File Path                      PID    Runtime      # DAGs    # Errors  Last Runtime    Last Run
-----------------------------  -----  ---------  --------  ----------  --------------  -------------------
/opt/airflow/dags/main_dag.py                           1           0  0.65s           2026-05-01T19:05:19
================================================================================
[2026-05-01T19:06:11.694+0000] {manager.py:888} INFO - 
================================================================================
DAG File Processing Stats

File Path                      PID    Runtime      # DAGs    # Errors  Last Runtime    Last Run
-----------------------------  -----  ---------  --------  ----------  --------------  -------------------
/opt/airflow/dags/main_dag.py                           1           0  0.72s           2026-05-01T19:05:50
================================================================================
[2026-05-01T19:06:36.586+0000] {manager.py:760} INFO - Searching for files in /opt/airflow/dags
[2026-05-01T19:06:36.593+0000] {manager.py:763} INFO - There are 1 files in /opt/airflow/dags
[2026-05-01T19:06:42.032+0000] {manager.py:888} INFO - 
================================================================================
DAG File Processing Stats

File Path                      PID    Runtime      # DAGs    # Errors  Last Runtime    Last Run
-----------------------------  -----  ---------  --------  ----------  --------------  -------------------
/opt/airflow/dags/main_dag.py                           1           0  0.63s           2026-05-01T19:06:21
================================================================================
[2026-05-01T19:07:12.364+0000] {manager.py:888} INFO - 
================================================================================
DAG File Processing Stats

File Path                      PID    Runtime      # DAGs    # Errors  Last Runtime    Last Run
-----------------------------  -----  ---------  --------  ----------  --------------  -------------------
/opt/airflow/dags/main_dag.py                           1           0  0.64s           2026-05-01T19:06:52
================================================================================
[2026-05-01T19:07:42.495+0000] {manager.py:888} INFO - 
================================================================================
DAG File Processing Stats

File Path                      PID    Runtime      # DAGs    # Errors  Last Runtime    Last Run
-----------------------------  -----  ---------  --------  ----------  --------------  -------------------
/opt/airflow/dags/main_dag.py                           1           0  0.83s           2026-05-01T19:07:23
================================================================================
[2026-05-01T19:08:13.071+0000] {manager.py:888} INFO - 
================================================================================
DAG File Processing Stats

File Path                      PID    Runtime      # DAGs    # Errors  Last Runtime    Last Run
-----------------------------  -----  ---------  --------  ----------  --------------  -------------------
/opt/airflow/dags/main_dag.py                           1           0  0.66s           2026-05-01T19:07:54
================================================================================
[2026-05-01T19:08:43.407+0000] {manager.py:888} INFO - 
================================================================================
DAG File Processing Stats

File Path                      PID    Runtime      # DAGs    # Errors  Last Runtime    Last Run
-----------------------------  -----  ---------  --------  ----------  --------------  -------------------
/opt/airflow/dags/main_dag.py                           1           0  0.66s           2026-05-01T19:08:25
================================================================================
[2026-05-01T19:09:13.726+0000] {manager.py:888} INFO - 
================================================================================
DAG File Processing Stats

File Path                      PID    Runtime      # DAGs    # Errors  Last Runtime    Last Run
-----------------------------  -----  ---------  --------  ----------  --------------  -------------------
/opt/airflow/dags/main_dag.py                           1           0  0.64s           2026-05-01T19:08:56
================================================================================
[2026-05-01T19:09:44.017+0000] {manager.py:888} INFO - 
================================================================================
DAG File Processing Stats

File Path                      PID    Runtime      # DAGs    # Errors  Last Runtime    Last Run
-----------------------------  -----  ---------  --------  ----------  --------------  -------------------
/opt/airflow/dags/main_dag.py                           1           0  0.60s           2026-05-01T19:09:27
================================================================================
[2026-05-01T19:10:14.159+0000] {manager.py:888} INFO - 
================================================================================
DAG File Processing Stats

File Path                      PID    Runtime      # DAGs    # Errors  Last Runtime    Last Run
-----------------------------  -----  ---------  --------  ----------  --------------  -------------------
/opt/airflow/dags/main_dag.py                           1           0  0.75s           2026-05-01T19:09:57
================================================================================
[2026-05-01T19:10:44.790+0000] {manager.py:888} INFO - 
================================================================================
DAG File Processing Stats

File Path                      PID    Runtime      # DAGs    # Errors  Last Runtime    Last Run
-----------------------------  -----  ---------  --------  ----------  --------------  -------------------
/opt/airflow/dags/main_dag.py                           1           0  0.63s           2026-05-01T19:10:28
================================================================================
[2026-05-01T19:11:14.994+0000] {manager.py:888} INFO - 
================================================================================
DAG File Processing Stats

File Path                      PID    Runtime      # DAGs    # Errors  Last Runtime    Last Run
-----------------------------  -----  ---------  --------  ----------  --------------  -------------------
/opt/airflow/dags/main_dag.py                           1           0  0.61s           2026-05-01T19:10:59
================================================================================
